---
http_interactions:
- request:
    method: post
    uri: https://slack.com/api/chat.postMessage?channel=USLACKBOT&text=Hello%20Slackbot&token=SLACK_TOKEN
    body:
      encoding: UTF-8
      string: ''
    headers:
      Accept-Encoding:
      - gzip;q=1.0,deflate;q=0.6,identity;q=0.3
      Accept:
      - "*/*"
      User-Agent:
      - Ruby
  response:
    status:
      code: 200
      message: OK
    headers:
      Content-Type:
      - application/json; charset=utf-8
      Content-Length:
      - '338'
      Connection:
      - keep-alive
      Date:
      - Sun, 15 Mar 2020 19:07:21 GMT
      Server:
      - Apache
      X-Slack-Req-Id:
      - 3cb40ac3d23beebf9d3a4cfc324c0cb6
      X-Oauth-Scopes:
      - identify,channels:read,users:read,chat:write
      X-Accepted-Oauth-Scopes:
      - chat:write
      Access-Control-Expose-Headers:
      - x-slack-req-id, retry-after
      X-Slack-Backend:
      - r
      X-Content-Type-Options:
      - nosniff
      Expires:
      - Mon, 26 Jul 1997 05:00:00 GMT
      Cache-Control:
      - private, no-cache, no-store, must-revalidate
      X-Xss-Protection:
      - '0'
      Vary:
      - Accept-Encoding
      Pragma:
      - no-cache
      Access-Control-Allow-Headers:
      - slack-route, x-slack-version-ts, x-b3-traceid, x-b3-spanid, x-b3-parentspanid,
        x-b3-sampled, x-b3-flags
      Strict-Transport-Security:
      - max-age=31536000; includeSubDomains; preload
      Referrer-Policy:
      - no-referrer
      Access-Control-Allow-Origin:
      - "*"
      X-Via:
      - haproxy-www-a57w
      X-Cache:
      - Miss from cloudfront
      Via:
      - 1.1 981753271eb5b6d11bc29d52f173a5da.cloudfront.net (CloudFront)
      X-Amz-Cf-Pop:
      - SEA19-C2
      X-Amz-Cf-Id:
      - B9USfTZb1NxI0mgLmIJmV5nQ1UEQjWDGGECdXRRbzbyMQcycTwmvhA==
    body:
      encoding: ASCII-8BIT
      string: '{"ok":true,"channel":"DUW1ABYKT","ts":"1584299242.000300","message":{"bot_id":"BV65E8B53","type":"message","text":"Hello
        Slackbot","user":"UV64BM5QV","ts":"1584299242.000300","team":"TUVTGCG8H","bot_profile":{"id":"BV65E8B53","deleted":false,"name":"Space
        - Nikki V - API Project","updated":1583869732,"app_id":"AV80E6U15","icons":{"image_36":"https:\/\/a.slack-edge.com\/80588\/img\/plugins\/app\/bot_36.png","image_48":"https:\/\/a.slack-edge.com\/80588\/img\/plugins\/app\/bot_48.png","image_72":"https:\/\/a.slack-edge.com\/80588\/img\/plugins\/app\/service_72.png"},"team_id":"TUVTGCG8H"}}}'
    http_version: null
  recorded_at: Sun, 15 Mar 2020 19:07:22 GMT
- request:
    method: post
    uri: https://slack.com/api/chat.postMessage?channel=CV86RT7AS&text=This%20is%20random&token=SLACK_TOKEN
    body:
      encoding: UTF-8
      string: ''
    headers:
      Accept-Encoding:
      - gzip;q=1.0,deflate;q=0.6,identity;q=0.3
      Accept:
      - "*/*"
      User-Agent:
      - Ruby
  response:
    status:
      code: 200
      message: OK
    headers:
      Content-Type:
      - application/json; charset=utf-8
      Content-Length:
      - '337'
      Connection:
      - keep-alive
      Date:
      - Sun, 15 Mar 2020 20:31:46 GMT
      Server:
      - Apache
      X-Slack-Req-Id:
      - 41109d70c7fa30b0ddd7fa772317486e
      X-Oauth-Scopes:
      - identify,channels:read,users:read,chat:write
      X-Accepted-Oauth-Scopes:
      - chat:write
      Access-Control-Expose-Headers:
      - x-slack-req-id, retry-after
      X-Slack-Backend:
      - h
      X-Content-Type-Options:
      - nosniff
      Expires:
      - Mon, 26 Jul 1997 05:00:00 GMT
      Cache-Control:
      - private, no-cache, no-store, must-revalidate
      X-Xss-Protection:
      - '0'
      Vary:
      - Accept-Encoding
      Pragma:
      - no-cache
      Access-Control-Allow-Headers:
      - slack-route, x-slack-version-ts, x-b3-traceid, x-b3-spanid, x-b3-parentspanid,
        x-b3-sampled, x-b3-flags
      Strict-Transport-Security:
      - max-age=31536000; includeSubDomains; preload
      Referrer-Policy:
      - no-referrer
      Access-Control-Allow-Origin:
      - "*"
      X-Via:
      - haproxy-www-fzpb
      X-Cache:
      - Miss from cloudfront
      Via:
      - 1.1 0cf6c59c77f0fff670ae085179adc459.cloudfront.net (CloudFront)
      X-Amz-Cf-Pop:
      - SEA19-C1
      X-Amz-Cf-Id:
      - M3M92dpgCAULSYM1vLedwtVErEZDe9KKQUW2KEetX0Kzd5NxgFQxFA==
    body:
      encoding: ASCII-8BIT
      string: '{"ok":true,"channel":"CV86RT7AS","ts":"1584304306.000300","message":{"bot_id":"BV65E8B53","type":"message","text":"This
        is random","user":"UV64BM5QV","ts":"1584304306.000300","team":"TUVTGCG8H","bot_profile":{"id":"BV65E8B53","deleted":false,"name":"Space
        - Nikki V - API Project","updated":1583869732,"app_id":"AV80E6U15","icons":{"image_36":"https:\/\/a.slack-edge.com\/80588\/img\/plugins\/app\/bot_36.png","image_48":"https:\/\/a.slack-edge.com\/80588\/img\/plugins\/app\/bot_48.png","image_72":"https:\/\/a.slack-edge.com\/80588\/img\/plugins\/app\/service_72.png"},"team_id":"TUVTGCG8H"}}}'
    http_version: null
  recorded_at: Sun, 15 Mar 2020 20:31:46 GMT
- request:
    method: post
    uri: https://slack.com/api/chat.postMessage?channel=CV86RT7AS&text=This%20should%20not%20go%20through&token=SLACK_TOKEN
    body:
      encoding: UTF-8
      string: ''
    headers:
      Accept-Encoding:
      - gzip;q=1.0,deflate;q=0.6,identity;q=0.3
      Accept:
      - "*/*"
      User-Agent:
      - Ruby
  response:
    status:
      code: 200
      message: OK
    headers:
      Content-Type:
      - application/json; charset=utf-8
      Content-Length:
      - '347'
      Connection:
      - keep-alive
      Date:
      - Sun, 15 Mar 2020 20:33:50 GMT
      Server:
      - Apache
      X-Slack-Req-Id:
      - 86b5434a57f188257d307811d98aebdb
      X-Oauth-Scopes:
      - identify,channels:read,users:read,chat:write
      X-Accepted-Oauth-Scopes:
      - chat:write
      Access-Control-Expose-Headers:
      - x-slack-req-id, retry-after
      X-Slack-Backend:
      - h
      X-Content-Type-Options:
      - nosniff
      Expires:
      - Mon, 26 Jul 1997 05:00:00 GMT
      Cache-Control:
      - private, no-cache, no-store, must-revalidate
      X-Xss-Protection:
      - '0'
      Vary:
      - Accept-Encoding
      Pragma:
      - no-cache
      Access-Control-Allow-Headers:
      - slack-route, x-slack-version-ts, x-b3-traceid, x-b3-spanid, x-b3-parentspanid,
        x-b3-sampled, x-b3-flags
      Strict-Transport-Security:
      - max-age=31536000; includeSubDomains; preload
      Referrer-Policy:
      - no-referrer
      Access-Control-Allow-Origin:
      - "*"
      X-Via:
      - haproxy-www-tkiz
      X-Cache:
      - Miss from cloudfront
      Via:
      - 1.1 112d82578d402a38d8d02e8b857617e1.cloudfront.net (CloudFront)
      X-Amz-Cf-Pop:
      - SEA19-C2
      X-Amz-Cf-Id:
      - V0jHLAaoDOhJt3cblqm5USgR9_2kz6WNV4m2TwuJPWVHyI94hUOS6w==
    body:
      encoding: ASCII-8BIT
      string: '{"ok":true,"channel":"CV86RT7AS","ts":"1584304430.000400","message":{"bot_id":"BV65E8B53","type":"message","text":"This
        should not go through","user":"UV64BM5QV","ts":"1584304430.000400","team":"TUVTGCG8H","bot_profile":{"id":"BV65E8B53","deleted":false,"name":"Space
        - Nikki V - API Project","updated":1583869732,"app_id":"AV80E6U15","icons":{"image_36":"https:\/\/a.slack-edge.com\/80588\/img\/plugins\/app\/bot_36.png","image_48":"https:\/\/a.slack-edge.com\/80588\/img\/plugins\/app\/bot_48.png","image_72":"https:\/\/a.slack-edge.com\/80588\/img\/plugins\/app\/service_72.png"},"team_id":"TUVTGCG8H"}}}'
    http_version: null
  recorded_at: Sun, 15 Mar 2020 20:33:50 GMT
- request:
    method: get
    uri: https://slack.com/api/users.list?token=SLACK_TOKEN
    body:
      encoding: US-ASCII
      string: ''
    headers:
      Accept-Encoding:
      - gzip;q=1.0,deflate;q=0.6,identity;q=0.3
      Accept:
      - "*/*"
      User-Agent:
      - Ruby
  response:
    status:
      code: 200
      message: OK
    headers:
      Content-Type:
      - application/json; charset=utf-8
      Content-Length:
      - '2006'
      Connection:
      - keep-alive
      Date:
      - Sun, 15 Mar 2020 22:56:18 GMT
      Server:
      - Apache
      X-Slack-Req-Id:
      - 77328fb69de219efa374a15e82cb3a9f
      X-Oauth-Scopes:
      - identify,channels:read,users:read,chat:write
      X-Accepted-Oauth-Scopes:
      - users:read
      Access-Control-Expose-Headers:
      - x-slack-req-id, retry-after
      X-Slack-Backend:
      - h
      X-Content-Type-Options:
      - nosniff
      Expires:
      - Mon, 26 Jul 1997 05:00:00 GMT
      Cache-Control:
      - private, no-cache, no-store, must-revalidate
      X-Xss-Protection:
      - '0'
      Vary:
      - Accept-Encoding
      Pragma:
      - no-cache
      Access-Control-Allow-Headers:
      - slack-route, x-slack-version-ts, x-b3-traceid, x-b3-spanid, x-b3-parentspanid,
        x-b3-sampled, x-b3-flags
      Strict-Transport-Security:
      - max-age=31536000; includeSubDomains; preload
      Referrer-Policy:
      - no-referrer
      Access-Control-Allow-Origin:
      - "*"
      X-Via:
      - haproxy-www-a57w
      X-Cache:
      - Miss from cloudfront
      Via:
      - 1.1 2bedbeaa49b4a77447d30097858cb81a.cloudfront.net (CloudFront)
      X-Amz-Cf-Pop:
      - SEA19-C2
      X-Amz-Cf-Id:
      - kmN43jmBAtGapOfLg1IirBGUxuKQ-IlXYktJTe4DPK6neNct9ybRjw==
    body:
      encoding: ASCII-8BIT
      string: '{"ok":true,"members":[{"id":"USLACKBOT","team_id":"TUVTGCG8H","name":"slackbot","deleted":false,"color":"757575","real_name":"Slackbot","tz":null,"tz_label":"Pacific
        Daylight Time","tz_offset":-25200,"profile":{"title":"","phone":"","skype":"","real_name":"Slackbot","real_name_normalized":"Slackbot","display_name":"Slackbot","display_name_normalized":"Slackbot","fields":null,"status_text":"","status_emoji":"","status_expiration":0,"avatar_hash":"sv41d8cd98f0","always_active":true,"first_name":"slackbot","last_name":"","image_24":"https:\/\/a.slack-edge.com\/80588\/img\/slackbot_24.png","image_32":"https:\/\/a.slack-edge.com\/80588\/img\/slackbot_32.png","image_48":"https:\/\/a.slack-edge.com\/80588\/img\/slackbot_48.png","image_72":"https:\/\/a.slack-edge.com\/80588\/img\/slackbot_72.png","image_192":"https:\/\/a.slack-edge.com\/80588\/marketing\/img\/avatars\/slackbot\/avatar-slackbot.png","image_512":"https:\/\/a.slack-edge.com\/80588\/img\/slackbot_512.png","status_text_canonical":"","team":"TUVTGCG8H"},"is_admin":false,"is_owner":false,"is_primary_owner":false,"is_restricted":false,"is_ultra_restricted":false,"is_bot":false,"is_app_user":false,"updated":0},{"id":"UUTB447GA","team_id":"TUVTGCG8H","name":"space_nikki_v_api_pro","deleted":true,"profile":{"title":"","phone":"","skype":"","real_name":"space_nikki_v_api_pro","real_name_normalized":"space_nikki_v_api_pro","display_name":"","display_name_normalized":"","status_text":"","status_emoji":"","status_expiration":0,"avatar_hash":"g9f1f52862a3","api_app_id":"AV80E6U15","always_active":false,"bot_id":"BV80VFAF9","image_24":"https:\/\/secure.gravatar.com\/avatar\/9f1f52862a3fe88cf7cf0e3c592450a6.jpg?s=24&d=https%3A%2F%2Fa.slack-edge.com%2Fdf10d%2Fimg%2Favatars%2Fava_0022-24.png","image_32":"https:\/\/secure.gravatar.com\/avatar\/9f1f52862a3fe88cf7cf0e3c592450a6.jpg?s=32&d=https%3A%2F%2Fa.slack-edge.com%2Fdf10d%2Fimg%2Favatars%2Fava_0022-32.png","image_48":"https:\/\/secure.gravatar.com\/avatar\/9f1f52862a3fe88cf7cf0e3c592450a6.jpg?s=48&d=https%3A%2F%2Fa.slack-edge.com%2Fdf10d%2Fimg%2Favatars%2Fava_0022-48.png","image_72":"https:\/\/secure.gravatar.com\/avatar\/9f1f52862a3fe88cf7cf0e3c592450a6.jpg?s=72&d=https%3A%2F%2Fa.slack-edge.com%2Fdf10d%2Fimg%2Favatars%2Fava_0022-72.png","image_192":"https:\/\/secure.gravatar.com\/avatar\/9f1f52862a3fe88cf7cf0e3c592450a6.jpg?s=192&d=https%3A%2F%2Fa.slack-edge.com%2Fdf10d%2Fimg%2Favatars%2Fava_0022-192.png","image_512":"https:\/\/secure.gravatar.com\/avatar\/9f1f52862a3fe88cf7cf0e3c592450a6.jpg?s=512&d=https%3A%2F%2Fa.slack-edge.com%2Fdf10d%2Fimg%2Favatars%2Fava_0022-512.png","status_text_canonical":"","team":"TUVTGCG8H"},"is_bot":true,"is_app_user":false,"updated":1584039082},{"id":"UUTFEGX7U","team_id":"TUVTGCG8H","name":"time_vera_api_project","deleted":true,"profile":{"title":"","phone":"","skype":"","real_name":"time_vera_api_project","real_name_normalized":"time_vera_api_project","display_name":"","display_name_normalized":"","status_text":"","status_emoji":"","status_expiration":0,"avatar_hash":"g3c93b95bac9","api_app_id":"AUTF5G9R8","always_active":false,"bot_id":"BV8561FMM","image_24":"https:\/\/secure.gravatar.com\/avatar\/3c93b95bac98de9661f70da4afca7db0.jpg?s=24&d=https%3A%2F%2Fa.slack-edge.com%2Fdf10d%2Fimg%2Favatars%2Fava_0004-24.png","image_32":"https:\/\/secure.gravatar.com\/avatar\/3c93b95bac98de9661f70da4afca7db0.jpg?s=32&d=https%3A%2F%2Fa.slack-edge.com%2Fdf10d%2Fimg%2Favatars%2Fava_0004-32.png","image_48":"https:\/\/secure.gravatar.com\/avatar\/3c93b95bac98de9661f70da4afca7db0.jpg?s=48&d=https%3A%2F%2Fa.slack-edge.com%2Fdf10d%2Fimg%2Favatars%2Fava_0004-48.png","image_72":"https:\/\/secure.gravatar.com\/avatar\/3c93b95bac98de9661f70da4afca7db0.jpg?s=72&d=https%3A%2F%2Fa.slack-edge.com%2Fdf10d%2Fimg%2Favatars%2Fava_0004-72.png","image_192":"https:\/\/secure.gravatar.com\/avatar\/3c93b95bac98de9661f70da4afca7db0.jpg?s=192&d=https%3A%2F%2Fa.slack-edge.com%2Fdf10d%2Fimg%2Favatars%2Fava_0004-192.png","image_512":"https:\/\/secure.gravatar.com\/avatar\/3c93b95bac98de9661f70da4afca7db0.jpg?s=512&d=https%3A%2F%2Fa.slack-edge.com%2Fdf10d%2Fimg%2Favatars%2Fava_0004-512.png","status_text_canonical":"","team":"TUVTGCG8H"},"is_bot":true,"is_app_user":false,"updated":1583874337},{"id":"UUW8EPTR7","team_id":"TUVTGCG8H","name":"time_sharon_cheung_ap","deleted":true,"profile":{"title":"","phone":"","skype":"","real_name":"time_sharon_cheung_ap","real_name_normalized":"time_sharon_cheung_ap","display_name":"","display_name_normalized":"","status_text":"","status_emoji":"","status_expiration":0,"avatar_hash":"g39da6f1a267","api_app_id":"AV6AZG6Q5","always_active":false,"bot_id":"BUTH5NWSW","image_24":"https:\/\/secure.gravatar.com\/avatar\/39da6f1a267bd9468d389bfaf9aad25f.jpg?s=24&d=https%3A%2F%2Fa.slack-edge.com%2Fdf10d%2Fimg%2Favatars%2Fava_0019-24.png","image_32":"https:\/\/secure.gravatar.com\/avatar\/39da6f1a267bd9468d389bfaf9aad25f.jpg?s=32&d=https%3A%2F%2Fa.slack-edge.com%2Fdf10d%2Fimg%2Favatars%2Fava_0019-32.png","image_48":"https:\/\/secure.gravatar.com\/avatar\/39da6f1a267bd9468d389bfaf9aad25f.jpg?s=48&d=https%3A%2F%2Fa.slack-edge.com%2Fdf10d%2Fimg%2Favatars%2Fava_0019-48.png","image_72":"https:\/\/secure.gravatar.com\/avatar\/39da6f1a267bd9468d389bfaf9aad25f.jpg?s=72&d=https%3A%2F%2Fa.slack-edge.com%2Fdf10d%2Fimg%2Favatars%2Fava_0019-72.png","image_192":"https:\/\/secure.gravatar.com\/avatar\/39da6f1a267bd9468d389bfaf9aad25f.jpg?s=192&d=https%3A%2F%2Fa.slack-edge.com%2Fdf10d%2Fimg%2Favatars%2Fava_0019-192.png","image_512":"https:\/\/secure.gravatar.com\/avatar\/39da6f1a267bd9468d389bfaf9aad25f.jpg?s=512&d=https%3A%2F%2Fa.slack-edge.com%2Fdf10d%2Fimg%2Favatars%2Fava_0019-512.png","status_text_canonical":"","team":"TUVTGCG8H"},"is_bot":true,"is_app_user":false,"updated":1584039172},{"id":"UUWNEB82F","team_id":"TUVTGCG8H","name":"time_emily_api_projec","deleted":false,"color":"5b89d5","real_name":"time_emily_api_projec","tz":"America\/Los_Angeles","tz_label":"Pacific
        Daylight Time","tz_offset":-25200,"profile":{"title":"","phone":"","skype":"","real_name":"time_emily_api_projec","real_name_normalized":"time_emily_api_projec","display_name":"","display_name_normalized":"","status_text":"","status_emoji":"","status_expiration":0,"avatar_hash":"ga34175d6590","api_app_id":"AVACSNPN2","always_active":false,"bot_id":"BV7NS2P1A","first_name":"time_emily_api_projec","last_name":"","image_24":"https:\/\/secure.gravatar.com\/avatar\/a34175d6590715898809c47d3790c4fd.jpg?s=24&d=https%3A%2F%2Fa.slack-edge.com%2Fdf10d%2Fimg%2Favatars%2Fava_0006-24.png","image_32":"https:\/\/secure.gravatar.com\/avatar\/a34175d6590715898809c47d3790c4fd.jpg?s=32&d=https%3A%2F%2Fa.slack-edge.com%2Fdf10d%2Fimg%2Favatars%2Fava_0006-32.png","image_48":"https:\/\/secure.gravatar.com\/avatar\/a34175d6590715898809c47d3790c4fd.jpg?s=48&d=https%3A%2F%2Fa.slack-edge.com%2Fdf10d%2Fimg%2Favatars%2Fava_0006-48.png","image_72":"https:\/\/secure.gravatar.com\/avatar\/a34175d6590715898809c47d3790c4fd.jpg?s=72&d=https%3A%2F%2Fa.slack-edge.com%2Fdf10d%2Fimg%2Favatars%2Fava_0006-72.png","image_192":"https:\/\/secure.gravatar.com\/avatar\/a34175d6590715898809c47d3790c4fd.jpg?s=192&d=https%3A%2F%2Fa.slack-edge.com%2Fdf10d%2Fimg%2Favatars%2Fava_0006-192.png","image_512":"https:\/\/secure.gravatar.com\/avatar\/a34175d6590715898809c47d3790c4fd.jpg?s=512&d=https%3A%2F%2Fa.slack-edge.com%2Fdf10d%2Fimg%2Favatars%2Fava_0006-512.png","status_text_canonical":"","team":"TUVTGCG8H"},"is_admin":false,"is_owner":false,"is_primary_owner":false,"is_restricted":false,"is_ultra_restricted":false,"is_bot":true,"is_app_user":false,"updated":1584160273},{"id":"UV5GLBZT6","team_id":"TUVTGCG8H","name":"e.anderson8977","deleted":false,"color":"9f69e7","real_name":"Emily
        Cowan","tz":"America\/Los_Angeles","tz_label":"Pacific Daylight Time","tz_offset":-25200,"profile":{"title":"","phone":"","skype":"","real_name":"Emily
        Cowan","real_name_normalized":"Emily Cowan","display_name":"","display_name_normalized":"","status_text":"","status_emoji":"","status_expiration":0,"avatar_hash":"g42c84c2e8ed","first_name":"Emily","last_name":"Cowan","image_24":"https:\/\/secure.gravatar.com\/avatar\/42c84c2e8ed03134c2c75a116cb2a8db.jpg?s=24&d=https%3A%2F%2Fa.slack-edge.com%2Fdf10d%2Fimg%2Favatars%2Fava_0008-24.png","image_32":"https:\/\/secure.gravatar.com\/avatar\/42c84c2e8ed03134c2c75a116cb2a8db.jpg?s=32&d=https%3A%2F%2Fa.slack-edge.com%2Fdf10d%2Fimg%2Favatars%2Fava_0008-32.png","image_48":"https:\/\/secure.gravatar.com\/avatar\/42c84c2e8ed03134c2c75a116cb2a8db.jpg?s=48&d=https%3A%2F%2Fa.slack-edge.com%2Fdf10d%2Fimg%2Favatars%2Fava_0008-48.png","image_72":"https:\/\/secure.gravatar.com\/avatar\/42c84c2e8ed03134c2c75a116cb2a8db.jpg?s=72&d=https%3A%2F%2Fa.slack-edge.com%2Fdf10d%2Fimg%2Favatars%2Fava_0008-72.png","image_192":"https:\/\/secure.gravatar.com\/avatar\/42c84c2e8ed03134c2c75a116cb2a8db.jpg?s=192&d=https%3A%2F%2Fa.slack-edge.com%2Fdf10d%2Fimg%2Favatars%2Fava_0008-192.png","image_512":"https:\/\/secure.gravatar.com\/avatar\/42c84c2e8ed03134c2c75a116cb2a8db.jpg?s=512&d=https%3A%2F%2Fa.slack-edge.com%2Fdf10d%2Fimg%2Favatars%2Fava_0008-512.png","status_text_canonical":"","team":"TUVTGCG8H"},"is_admin":true,"is_owner":true,"is_primary_owner":true,"is_restricted":false,"is_ultra_restricted":false,"is_bot":false,"is_app_user":false,"updated":1583865695},{"id":"UV60P4CMN","team_id":"TUVTGCG8H","name":"keikei1128","deleted":false,"color":"4bbe2e","real_name":"Sharon
        Cheung","tz":"America\/Los_Angeles","tz_label":"Pacific Daylight Time","tz_offset":-25200,"profile":{"title":"","phone":"","skype":"","real_name":"Sharon
        Cheung","real_name_normalized":"Sharon Cheung","display_name":"Sharon Cheung","display_name_normalized":"Sharon
        Cheung","status_text":"","status_emoji":"","status_expiration":0,"avatar_hash":"247b75993584","image_original":"https:\/\/avatars.slack-edge.com\/2020-03-10\/981944386785_247b7599358427ae6a7f_original.jpg","is_custom_image":true,"image_24":"https:\/\/avatars.slack-edge.com\/2020-03-10\/981944386785_247b7599358427ae6a7f_24.jpg","image_32":"https:\/\/avatars.slack-edge.com\/2020-03-10\/981944386785_247b7599358427ae6a7f_32.jpg","image_48":"https:\/\/avatars.slack-edge.com\/2020-03-10\/981944386785_247b7599358427ae6a7f_48.jpg","image_72":"https:\/\/avatars.slack-edge.com\/2020-03-10\/981944386785_247b7599358427ae6a7f_72.jpg","image_192":"https:\/\/avatars.slack-edge.com\/2020-03-10\/981944386785_247b7599358427ae6a7f_192.jpg","image_512":"https:\/\/avatars.slack-edge.com\/2020-03-10\/981944386785_247b7599358427ae6a7f_512.jpg","image_1024":"https:\/\/avatars.slack-edge.com\/2020-03-10\/981944386785_247b7599358427ae6a7f_1024.jpg","status_text_canonical":"","team":"TUVTGCG8H"},"is_admin":false,"is_owner":false,"is_primary_owner":false,"is_restricted":false,"is_ultra_restricted":false,"is_bot":false,"is_app_user":false,"updated":1583865896},{"id":"UV60Q76GG","team_id":"TUVTGCG8H","name":"lizeth.veraro","deleted":false,"color":"e7392d","real_name":"Vera","tz":"America\/Los_Angeles","tz_label":"Pacific
        Daylight Time","tz_offset":-25200,"profile":{"title":"","phone":"","skype":"","real_name":"Vera","real_name_normalized":"Vera","display_name":"Vera","display_name_normalized":"Vera","status_text":"","status_emoji":"","status_expiration":0,"avatar_hash":"220b824fa494","image_original":"https:\/\/avatars.slack-edge.com\/2020-03-10\/994142975895_220b824fa49458c4473f_original.png","is_custom_image":true,"image_24":"https:\/\/avatars.slack-edge.com\/2020-03-10\/994142975895_220b824fa49458c4473f_24.png","image_32":"https:\/\/avatars.slack-edge.com\/2020-03-10\/994142975895_220b824fa49458c4473f_32.png","image_48":"https:\/\/avatars.slack-edge.com\/2020-03-10\/994142975895_220b824fa49458c4473f_48.png","image_72":"https:\/\/avatars.slack-edge.com\/2020-03-10\/994142975895_220b824fa49458c4473f_72.png","image_192":"https:\/\/avatars.slack-edge.com\/2020-03-10\/994142975895_220b824fa49458c4473f_192.png","image_512":"https:\/\/avatars.slack-edge.com\/2020-03-10\/994142975895_220b824fa49458c4473f_512.png","image_1024":"https:\/\/avatars.slack-edge.com\/2020-03-10\/994142975895_220b824fa49458c4473f_1024.png","status_text_canonical":"","team":"TUVTGCG8H"},"is_admin":false,"is_owner":false,"is_primary_owner":false,"is_restricted":false,"is_ultra_restricted":false,"is_bot":false,"is_app_user":false,"updated":1583872956},{"id":"UV64BM5QV","team_id":"TUVTGCG8H","name":"vnikki13","deleted":false,"color":"3c989f","real_name":"Nikki
        Vaughan","tz":"America\/Los_Angeles","tz_label":"Pacific Daylight Time","tz_offset":-25200,"profile":{"title":"","phone":"","skype":"","real_name":"Nikki
        Vaughan","real_name_normalized":"Nikki Vaughan","display_name":"Nikki Vaughan","display_name_normalized":"Nikki
        Vaughan","status_text":"","status_emoji":"","status_expiration":0,"avatar_hash":"g9e7c278e8fd","image_24":"https:\/\/secure.gravatar.com\/avatar\/9e7c278e8fd688e7bbc3e08211fe9b4a.jpg?s=24&d=https%3A%2F%2Fa.slack-edge.com%2Fdf10d%2Fimg%2Favatars%2Fava_0025-24.png","image_32":"https:\/\/secure.gravatar.com\/avatar\/9e7c278e8fd688e7bbc3e08211fe9b4a.jpg?s=32&d=https%3A%2F%2Fa.slack-edge.com%2Fdf10d%2Fimg%2Favatars%2Fava_0025-32.png","image_48":"https:\/\/secure.gravatar.com\/avatar\/9e7c278e8fd688e7bbc3e08211fe9b4a.jpg?s=48&d=https%3A%2F%2Fa.slack-edge.com%2Fdf10d%2Fimg%2Favatars%2Fava_0025-48.png","image_72":"https:\/\/secure.gravatar.com\/avatar\/9e7c278e8fd688e7bbc3e08211fe9b4a.jpg?s=72&d=https%3A%2F%2Fa.slack-edge.com%2Fdf10d%2Fimg%2Favatars%2Fava_0025-72.png","image_192":"https:\/\/secure.gravatar.com\/avatar\/9e7c278e8fd688e7bbc3e08211fe9b4a.jpg?s=192&d=https%3A%2F%2Fa.slack-edge.com%2Fdf10d%2Fimg%2Favatars%2Fava_0025-192.png","image_512":"https:\/\/secure.gravatar.com\/avatar\/9e7c278e8fd688e7bbc3e08211fe9b4a.jpg?s=512&d=https%3A%2F%2Fa.slack-edge.com%2Fdf10d%2Fimg%2Favatars%2Fava_0025-512.png","status_text_canonical":"","team":"TUVTGCG8H"},"is_admin":false,"is_owner":false,"is_primary_owner":false,"is_restricted":false,"is_ultra_restricted":false,"is_bot":false,"is_app_user":false,"updated":1583868664,"has_2fa":false},{"id":"UV68KR96Z","team_id":"TUVTGCG8H","name":"mairheshmati","deleted":false,"color":"e96699","real_name":"Mair
        Bear","tz":"America\/Los_Angeles","tz_label":"Pacific Daylight Time","tz_offset":-25200,"profile":{"title":"","phone":"","skype":"","real_name":"Mair
        Bear","real_name_normalized":"Mair Bear","display_name":"Mair Bear","display_name_normalized":"Mair
        Bear","status_text":"","status_emoji":"","status_expiration":0,"avatar_hash":"g93f8924e6f7","image_24":"https:\/\/secure.gravatar.com\/avatar\/93f8924e6f7526df1e523f881c3c13df.jpg?s=24&d=https%3A%2F%2Fa.slack-edge.com%2Fdf10d%2Fimg%2Favatars%2Fava_0016-24.png","image_32":"https:\/\/secure.gravatar.com\/avatar\/93f8924e6f7526df1e523f881c3c13df.jpg?s=32&d=https%3A%2F%2Fa.slack-edge.com%2Fdf10d%2Fimg%2Favatars%2Fava_0016-32.png","image_48":"https:\/\/secure.gravatar.com\/avatar\/93f8924e6f7526df1e523f881c3c13df.jpg?s=48&d=https%3A%2F%2Fa.slack-edge.com%2Fdf10d%2Fimg%2Favatars%2Fava_0016-48.png","image_72":"https:\/\/secure.gravatar.com\/avatar\/93f8924e6f7526df1e523f881c3c13df.jpg?s=72&d=https%3A%2F%2Fa.slack-edge.com%2Fdf10d%2Fimg%2Favatars%2Fava_0016-72.png","image_192":"https:\/\/secure.gravatar.com\/avatar\/93f8924e6f7526df1e523f881c3c13df.jpg?s=192&d=https%3A%2F%2Fa.slack-edge.com%2Fdf10d%2Fimg%2Favatars%2Fava_0016-192.png","image_512":"https:\/\/secure.gravatar.com\/avatar\/93f8924e6f7526df1e523f881c3c13df.jpg?s=512&d=https%3A%2F%2Fa.slack-edge.com%2Fdf10d%2Fimg%2Favatars%2Fava_0016-512.png","status_text_canonical":"","team":"TUVTGCG8H"},"is_admin":false,"is_owner":false,"is_primary_owner":false,"is_restricted":false,"is_ultra_restricted":false,"is_bot":false,"is_app_user":false,"updated":1583872779}],"cache_ts":1584312978,"response_metadata":{"next_cursor":""}}'
    http_version: null
  recorded_at: Sun, 15 Mar 2020 22:56:19 GMT
- request:
    method: get
    uri: https://slack.com/api/conversations.list?token=SLACK_TOKEN
    body:
      encoding: US-ASCII
      string: ''
    headers:
      Accept-Encoding:
      - gzip;q=1.0,deflate;q=0.6,identity;q=0.3
      Accept:
      - "*/*"
      User-Agent:
      - Ruby
  response:
    status:
      code: 200
      message: OK
    headers:
      Content-Type:
      - application/json; charset=utf-8
      Content-Length:
      - '633'
      Connection:
      - keep-alive
      Date:
      - Sun, 15 Mar 2020 22:56:19 GMT
      Server:
      - Apache
      X-Slack-Req-Id:
      - 3b63c6f19015fac117b9a47d876a00c0
      X-Oauth-Scopes:
      - identify,channels:read,users:read,chat:write
      X-Accepted-Oauth-Scopes:
      - channels:read,groups:read,mpim:read,im:read,read
      Access-Control-Expose-Headers:
      - x-slack-req-id, retry-after
      X-Slack-Backend:
      - h
      X-Content-Type-Options:
      - nosniff
      Expires:
      - Mon, 26 Jul 1997 05:00:00 GMT
      Cache-Control:
      - private, no-cache, no-store, must-revalidate
      X-Xss-Protection:
      - '0'
      Vary:
      - Accept-Encoding
      Pragma:
      - no-cache
      Access-Control-Allow-Headers:
      - slack-route, x-slack-version-ts, x-b3-traceid, x-b3-spanid, x-b3-parentspanid,
        x-b3-sampled, x-b3-flags
      Strict-Transport-Security:
      - max-age=31536000; includeSubDomains; preload
      Referrer-Policy:
      - no-referrer
      Access-Control-Allow-Origin:
      - "*"
      X-Via:
      - haproxy-www-hynk
      X-Cache:
      - Miss from cloudfront
      Via:
      - 1.1 98aedae6661e3904540676966998ed89.cloudfront.net (CloudFront)
      X-Amz-Cf-Pop:
      - SEA19-C2
      X-Amz-Cf-Id:
      - naItwg_jGjqSZpc-GXv-a__yCeZ2wX2mATt4DMYUX4SRWWHw29T6Rg==
    body:
      encoding: ASCII-8BIT
      string: '{"ok":true,"channels":[{"id":"CV5GLCW12","name":"general","is_channel":true,"is_group":false,"is_im":false,"created":1583865622,"is_archived":false,"is_general":true,"unlinked":0,"name_normalized":"general","is_shared":false,"parent_conversation":null,"creator":"UV5GLBZT6","is_ext_shared":false,"is_org_shared":false,"shared_team_ids":["TUVTGCG8H"],"pending_shared":[],"pending_connected_team_ids":[],"is_pending_ext_shared":false,"is_member":true,"is_private":false,"is_mpim":false,"topic":{"value":"Company-wide
        announcements and work-based matters","creator":"UV5GLBZT6","last_set":1583865622},"purpose":{"value":"This
        channel is for workspace-wide communication and announcements. All members
        are in this channel.","creator":"UV5GLBZT6","last_set":1583865622},"previous_names":[],"num_members":5},{"id":"CV5GLDJ9J","name":"slack-bot","is_channel":true,"is_group":false,"is_im":false,"created":1583865623,"is_archived":false,"is_general":false,"unlinked":0,"name_normalized":"slack-bot","is_shared":false,"parent_conversation":null,"creator":"UV5GLBZT6","is_ext_shared":false,"is_org_shared":false,"shared_team_ids":["TUVTGCG8H"],"pending_shared":[],"pending_connected_team_ids":[],"is_pending_ext_shared":false,"is_member":true,"is_private":false,"is_mpim":false,"topic":{"value":"A
        place for us to test our slack API projects","creator":"UV5GLBZT6","last_set":1583865752},"purpose":{"value":"","creator":"","last_set":0},"previous_names":[],"num_members":5},{"id":"CV86RT7AS","name":"random","is_channel":true,"is_group":false,"is_im":false,"created":1583865622,"is_archived":false,"is_general":false,"unlinked":0,"name_normalized":"random","is_shared":false,"parent_conversation":null,"creator":"UV5GLBZT6","is_ext_shared":false,"is_org_shared":false,"shared_team_ids":["TUVTGCG8H"],"pending_shared":[],"pending_connected_team_ids":[],"is_pending_ext_shared":false,"is_member":true,"is_private":false,"is_mpim":false,"topic":{"value":"Non-work
        banter and water cooler conversation","creator":"UV5GLBZT6","last_set":1583865622},"purpose":{"value":"A
        place for non-work-related flimflam, faffing, hodge-podge or jibber-jabber
        you''d prefer to keep out of more focused work-related channels.","creator":"UV5GLBZT6","last_set":1583865622},"previous_names":[],"num_members":5}],"response_metadata":{"next_cursor":""}}'
    http_version: null
  recorded_at: Sun, 15 Mar 2020 22:56:19 GMT
- request:
    method: post
    uri: https://slack.com/api/chat.postMessage?channel=CV86RT7AS&text=asdf&token=SLACK_TOKEN
    body:
      encoding: UTF-8
      string: ''
    headers:
      Accept-Encoding:
      - gzip;q=1.0,deflate;q=0.6,identity;q=0.3
      Accept:
      - "*/*"
      User-Agent:
      - Ruby
  response:
    status:
      code: 200
      message: OK
    headers:
      Content-Type:
      - application/json; charset=utf-8
      Content-Length:
      - '331'
      Connection:
      - keep-alive
      Date:
      - Sun, 15 Mar 2020 22:57:33 GMT
      Server:
      - Apache
      X-Slack-Req-Id:
      - 351d464965fa72f9a1d4e10c371149a5
      X-Oauth-Scopes:
      - identify,channels:read,users:read,chat:write
      X-Accepted-Oauth-Scopes:
      - chat:write
      Access-Control-Expose-Headers:
      - x-slack-req-id, retry-after
      X-Slack-Backend:
      - h
      X-Content-Type-Options:
      - nosniff
      Expires:
      - Mon, 26 Jul 1997 05:00:00 GMT
      Cache-Control:
      - private, no-cache, no-store, must-revalidate
      X-Xss-Protection:
      - '0'
      Vary:
      - Accept-Encoding
      Pragma:
      - no-cache
      Access-Control-Allow-Headers:
      - slack-route, x-slack-version-ts, x-b3-traceid, x-b3-spanid, x-b3-parentspanid,
        x-b3-sampled, x-b3-flags
      Strict-Transport-Security:
      - max-age=31536000; includeSubDomains; preload
      Referrer-Policy:
      - no-referrer
      Access-Control-Allow-Origin:
      - "*"
      X-Via:
      - haproxy-www-hitr
      X-Cache:
      - Miss from cloudfront
      Via:
      - 1.1 331202b5b8aab67acbf389883133f257.cloudfront.net (CloudFront)
      X-Amz-Cf-Pop:
      - SEA19-C1
      X-Amz-Cf-Id:
      - xbQDYlEjALCsMF9KNA3whzPJki12KQ4a_ep9KHTaEresSvZIti3zaw==
    body:
      encoding: ASCII-8BIT
      string: '{"ok":true,"channel":"CV86RT7AS","ts":"1584313053.000300","message":{"bot_id":"BV65E8B53","type":"message","text":"asdf","user":"UV64BM5QV","ts":"1584313053.000300","team":"TUVTGCG8H","bot_profile":{"id":"BV65E8B53","deleted":false,"name":"Space
        - Nikki V - API Project","updated":1583869732,"app_id":"AV80E6U15","icons":{"image_36":"https:\/\/a.slack-edge.com\/80588\/img\/plugins\/app\/bot_36.png","image_48":"https:\/\/a.slack-edge.com\/80588\/img\/plugins\/app\/bot_48.png","image_72":"https:\/\/a.slack-edge.com\/80588\/img\/plugins\/app\/service_72.png"},"team_id":"TUVTGCG8H"}}}'
    http_version: null
  recorded_at: Sun, 15 Mar 2020 22:57:33 GMT
- request:
    method: post
    uri: https://slack.com/api/chat.postMessage?channel=CV86RT7AS&text=This%20is%20a%20message&token=SLACK_TOKEN
    body:
      encoding: UTF-8
      string: ''
    headers:
      Accept-Encoding:
      - gzip;q=1.0,deflate;q=0.6,identity;q=0.3
      Accept:
      - "*/*"
      User-Agent:
      - Ruby
  response:
    status:
      code: 200
      message: OK
    headers:
      Content-Type:
      - application/json; charset=utf-8
      Content-Length:
      - '335'
      Connection:
      - keep-alive
      Date:
      - Sun, 15 Mar 2020 23:06:26 GMT
      Server:
      - Apache
      X-Slack-Req-Id:
      - e2f8b50ff944c0a87093d5aa7a4586ef
      X-Oauth-Scopes:
      - identify,channels:read,users:read,chat:write
      X-Accepted-Oauth-Scopes:
      - chat:write
      Access-Control-Expose-Headers:
      - x-slack-req-id, retry-after
      X-Slack-Backend:
      - h
      X-Content-Type-Options:
      - nosniff
      Expires:
      - Mon, 26 Jul 1997 05:00:00 GMT
      Cache-Control:
      - private, no-cache, no-store, must-revalidate
      X-Xss-Protection:
      - '0'
      Vary:
      - Accept-Encoding
      Pragma:
      - no-cache
      Access-Control-Allow-Headers:
      - slack-route, x-slack-version-ts, x-b3-traceid, x-b3-spanid, x-b3-parentspanid,
        x-b3-sampled, x-b3-flags
      Strict-Transport-Security:
      - max-age=31536000; includeSubDomains; preload
      Referrer-Policy:
      - no-referrer
      Access-Control-Allow-Origin:
      - "*"
      X-Via:
      - haproxy-www-ee90
      X-Cache:
      - Miss from cloudfront
      Via:
      - 1.1 3cd7af07832481c336aa1c93c9b4a6fe.cloudfront.net (CloudFront)
      X-Amz-Cf-Pop:
      - SEA19-C2
      X-Amz-Cf-Id:
      - 0uZWQPBCdA8l45Z25IPmydlyigZ9mPcuF3zsrCVpJNcd4c4CPWqLRw==
    body:
      encoding: ASCII-8BIT
      string: '{"ok":true,"channel":"CV86RT7AS","ts":"1584313586.000400","message":{"bot_id":"BV65E8B53","type":"message","text":"This
        is a message","user":"UV64BM5QV","ts":"1584313586.000400","team":"TUVTGCG8H","bot_profile":{"id":"BV65E8B53","deleted":false,"name":"Space
        - Nikki V - API Project","updated":1583869732,"app_id":"AV80E6U15","icons":{"image_36":"https:\/\/a.slack-edge.com\/80588\/img\/plugins\/app\/bot_36.png","image_48":"https:\/\/a.slack-edge.com\/80588\/img\/plugins\/app\/bot_48.png","image_72":"https:\/\/a.slack-edge.com\/80588\/img\/plugins\/app\/service_72.png"},"team_id":"TUVTGCG8H"}}}'
    http_version: null
  recorded_at: Sun, 15 Mar 2020 23:06:26 GMT
recorded_with: VCR 5.1.0
