---
http_interactions:
- request:
    method: get
    uri: https://slack.com/api/users.list?token=<SLACK_TOKEN>
    body:
      encoding: US-ASCII
      string: ''
    headers:
      Accept-Encoding:
      - gzip;q=1.0,deflate;q=0.6,identity;q=0.3
      Accept:
      - "*/*"
      User-Agent:
      - Ruby
  response:
    status:
      code: 200
      message: OK
    headers:
      Content-Type:
      - application/json; charset=utf-8
      Content-Length:
      - '2337'
      Connection:
      - keep-alive
      Date:
      - Fri, 27 Mar 2020 00:18:12 GMT
      Server:
      - Apache
      X-Slack-Req-Id:
      - 66068d2feba32f312077a2b4016abb46
      X-Oauth-Scopes:
      - identify,channels:read,users:read,chat:write
      X-Accepted-Oauth-Scopes:
      - users:read
      Access-Control-Expose-Headers:
      - x-slack-req-id, retry-after
      X-Slack-Backend:
      - h
      X-Content-Type-Options:
      - nosniff
      Expires:
      - Mon, 26 Jul 1997 05:00:00 GMT
      Cache-Control:
      - private, no-cache, no-store, must-revalidate
      X-Xss-Protection:
      - '0'
      Vary:
      - Accept-Encoding
      Pragma:
      - no-cache
      Access-Control-Allow-Headers:
      - slack-route, x-slack-version-ts, x-b3-traceid, x-b3-spanid, x-b3-parentspanid,
        x-b3-sampled, x-b3-flags
      Strict-Transport-Security:
      - max-age=31536000; includeSubDomains; preload
      Referrer-Policy:
      - no-referrer
      Access-Control-Allow-Origin:
      - "*"
      X-Via:
      - haproxy-www-9e4s
      X-Cache:
      - Miss from cloudfront
      Via:
      - 1.1 b4fecc0ccf7e0c6aa3eab83d70c5766d.cloudfront.net (CloudFront)
      X-Amz-Cf-Pop:
      - EWR52-C2
      X-Amz-Cf-Id:
      - 6Tlfaw722R9PWUEwZHDlpYS-8QwMFYH4fFX18s3AP4R9ih9p-He6sA==
    body:
      encoding: ASCII-8BIT
      string: '{"ok":true,"members":[{"id":"USLACKBOT","team_id":"TV6151X8D","name":"slackbot","deleted":false,"color":"757575","real_name":"Slackbot","tz":null,"tz_label":"Pacific
        Daylight Time","tz_offset":-25200,"profile":{"title":"","phone":"","skype":"","real_name":"Slackbot","real_name_normalized":"Slackbot","display_name":"Slackbot","display_name_normalized":"Slackbot","fields":null,"status_text":"","status_emoji":"","status_expiration":0,"avatar_hash":"sv41d8cd98f0","always_active":true,"first_name":"slackbot","last_name":"","image_24":"https:\/\/a.slack-edge.com\/80588\/img\/slackbot_24.png","image_32":"https:\/\/a.slack-edge.com\/80588\/img\/slackbot_32.png","image_48":"https:\/\/a.slack-edge.com\/80588\/img\/slackbot_48.png","image_72":"https:\/\/a.slack-edge.com\/80588\/img\/slackbot_72.png","image_192":"https:\/\/a.slack-edge.com\/80588\/marketing\/img\/avatars\/slackbot\/avatar-slackbot.png","image_512":"https:\/\/a.slack-edge.com\/80588\/img\/slackbot_512.png","status_text_canonical":"","team":"TV6151X8D"},"is_admin":false,"is_owner":false,"is_primary_owner":false,"is_restricted":false,"is_ultra_restricted":false,"is_bot":false,"is_app_user":false,"updated":0},{"id":"UUTG4NT6W","team_id":"TV6151X8D","name":"space_lee_api_project","deleted":false,"color":"e7392d","real_name":"space_lee_api_project","tz":"America\/Los_Angeles","tz_label":"Pacific
        Daylight Time","tz_offset":-25200,"profile":{"title":"","phone":"","skype":"","real_name":"space_lee_api_project","real_name_normalized":"space_lee_api_project","display_name":"","display_name_normalized":"","status_text":"","status_emoji":"","status_expiration":0,"avatar_hash":"g4d652bc1dc0","api_app_id":"AUTFW5NHG","always_active":true,"bot_id":"BUTG4NRPC","first_name":"space_lee_api_project","last_name":"","image_24":"https:\/\/secure.gravatar.com\/avatar\/4d652bc1dc012ee2969d55b3f6aab77d.jpg?s=24&d=https%3A%2F%2Fa.slack-edge.com%2Fdf10d%2Fimg%2Favatars%2Fava_0010-24.png","image_32":"https:\/\/secure.gravatar.com\/avatar\/4d652bc1dc012ee2969d55b3f6aab77d.jpg?s=32&d=https%3A%2F%2Fa.slack-edge.com%2Fdf10d%2Fimg%2Favatars%2Fava_0010-32.png","image_48":"https:\/\/secure.gravatar.com\/avatar\/4d652bc1dc012ee2969d55b3f6aab77d.jpg?s=48&d=https%3A%2F%2Fa.slack-edge.com%2Fdf10d%2Fimg%2Favatars%2Fava_0010-48.png","image_72":"https:\/\/secure.gravatar.com\/avatar\/4d652bc1dc012ee2969d55b3f6aab77d.jpg?s=72&d=https%3A%2F%2Fa.slack-edge.com%2Fdf10d%2Fimg%2Favatars%2Fava_0010-72.png","image_192":"https:\/\/secure.gravatar.com\/avatar\/4d652bc1dc012ee2969d55b3f6aab77d.jpg?s=192&d=https%3A%2F%2Fa.slack-edge.com%2Fdf10d%2Fimg%2Favatars%2Fava_0010-192.png","image_512":"https:\/\/secure.gravatar.com\/avatar\/4d652bc1dc012ee2969d55b3f6aab77d.jpg?s=512&d=https%3A%2F%2Fa.slack-edge.com%2Fdf10d%2Fimg%2Favatars%2Fava_0010-512.png","status_text_canonical":"","team":"TV6151X8D"},"is_admin":false,"is_owner":false,"is_primary_owner":false,"is_restricted":false,"is_ultra_restricted":false,"is_bot":true,"is_app_user":false,"updated":1584269181},{"id":"UUV26URFC","team_id":"TV6151X8D","name":"faezeh.ashtiani","deleted":false,"color":"e96699","real_name":"Faezeh
        Ashtiani","tz":"America\/Los_Angeles","tz_label":"Pacific Daylight Time","tz_offset":-25200,"profile":{"title":"","phone":"","skype":"","real_name":"Faezeh
        Ashtiani","real_name_normalized":"Faezeh Ashtiani","display_name":"Faezeh
        Ashtiani","display_name_normalized":"Faezeh Ashtiani","status_text":"","status_emoji":"","status_expiration":0,"avatar_hash":"g49ca5a5b9f0","image_24":"https:\/\/secure.gravatar.com\/avatar\/49ca5a5b9f0231ebc8b194de11a5c156.jpg?s=24&d=https%3A%2F%2Fa.slack-edge.com%2Fdf10d%2Fimg%2Favatars%2Fava_0014-24.png","image_32":"https:\/\/secure.gravatar.com\/avatar\/49ca5a5b9f0231ebc8b194de11a5c156.jpg?s=32&d=https%3A%2F%2Fa.slack-edge.com%2Fdf10d%2Fimg%2Favatars%2Fava_0014-32.png","image_48":"https:\/\/secure.gravatar.com\/avatar\/49ca5a5b9f0231ebc8b194de11a5c156.jpg?s=48&d=https%3A%2F%2Fa.slack-edge.com%2Fdf10d%2Fimg%2Favatars%2Fava_0014-48.png","image_72":"https:\/\/secure.gravatar.com\/avatar\/49ca5a5b9f0231ebc8b194de11a5c156.jpg?s=72&d=https%3A%2F%2Fa.slack-edge.com%2Fdf10d%2Fimg%2Favatars%2Fava_0014-72.png","image_192":"https:\/\/secure.gravatar.com\/avatar\/49ca5a5b9f0231ebc8b194de11a5c156.jpg?s=192&d=https%3A%2F%2Fa.slack-edge.com%2Fdf10d%2Fimg%2Favatars%2Fava_0014-192.png","image_512":"https:\/\/secure.gravatar.com\/avatar\/49ca5a5b9f0231ebc8b194de11a5c156.jpg?s=512&d=https%3A%2F%2Fa.slack-edge.com%2Fdf10d%2Fimg%2Favatars%2Fava_0014-512.png","status_text_canonical":"","team":"TV6151X8D"},"is_admin":false,"is_owner":false,"is_primary_owner":false,"is_restricted":false,"is_ultra_restricted":false,"is_bot":false,"is_app_user":false,"updated":1583940518},{"id":"UUVTM0ZJM","team_id":"TV6151X8D","name":"hannahjoo24","deleted":false,"color":"4bbe2e","real_name":"Hannah
        J","tz":"America\/Los_Angeles","tz_label":"Pacific Daylight Time","tz_offset":-25200,"profile":{"title":"Howdy","phone":"","skype":"","real_name":"Hannah
        J","real_name_normalized":"Hannah J","display_name":"Hannah J","display_name_normalized":"Hannah
        J","status_text":"Vacationing","status_emoji":":palm_tree:","status_expiration":0,"avatar_hash":"g5803f07bd29","first_name":"Hannah","last_name":"J","image_24":"https:\/\/secure.gravatar.com\/avatar\/5803f07bd29cd7a59cbea3b3df9da82c.jpg?s=24&d=https%3A%2F%2Fa.slack-edge.com%2Fdf10d%2Fimg%2Favatars%2Fava_0018-24.png","image_32":"https:\/\/secure.gravatar.com\/avatar\/5803f07bd29cd7a59cbea3b3df9da82c.jpg?s=32&d=https%3A%2F%2Fa.slack-edge.com%2Fdf10d%2Fimg%2Favatars%2Fava_0018-32.png","image_48":"https:\/\/secure.gravatar.com\/avatar\/5803f07bd29cd7a59cbea3b3df9da82c.jpg?s=48&d=https%3A%2F%2Fa.slack-edge.com%2Fdf10d%2Fimg%2Favatars%2Fava_0018-48.png","image_72":"https:\/\/secure.gravatar.com\/avatar\/5803f07bd29cd7a59cbea3b3df9da82c.jpg?s=72&d=https%3A%2F%2Fa.slack-edge.com%2Fdf10d%2Fimg%2Favatars%2Fava_0018-72.png","image_192":"https:\/\/secure.gravatar.com\/avatar\/5803f07bd29cd7a59cbea3b3df9da82c.jpg?s=192&d=https%3A%2F%2Fa.slack-edge.com%2Fdf10d%2Fimg%2Favatars%2Fava_0018-192.png","image_512":"https:\/\/secure.gravatar.com\/avatar\/5803f07bd29cd7a59cbea3b3df9da82c.jpg?s=512&d=https%3A%2F%2Fa.slack-edge.com%2Fdf10d%2Fimg%2Favatars%2Fava_0018-512.png","status_text_canonical":"Vacationing","team":"TV6151X8D"},"is_admin":false,"is_owner":false,"is_primary_owner":false,"is_restricted":false,"is_ultra_restricted":false,"is_bot":false,"is_app_user":false,"updated":1584345615},{"id":"UV6BLS99N","team_id":"TV6151X8D","name":"time_hannah_j_api_pro","deleted":false,"color":"674b1b","real_name":"time_hannah_j_api_pro","tz":"America\/Los_Angeles","tz_label":"Pacific
        Daylight Time","tz_offset":-25200,"profile":{"title":"","phone":"","skype":"","real_name":"time_hannah_j_api_pro","real_name_normalized":"time_hannah_j_api_pro","display_name":"","display_name_normalized":"","status_text":"","status_emoji":"","status_expiration":0,"avatar_hash":"gd932c9be94d","api_app_id":"AUTHSAF7U","always_active":true,"bot_id":"BV6BLS7R6","first_name":"time_hannah_j_api_pro","last_name":"","image_24":"https:\/\/secure.gravatar.com\/avatar\/d932c9be94d3329c04bf42721e39f37b.jpg?s=24&d=https%3A%2F%2Fa.slack-edge.com%2Fdf10d%2Fimg%2Favatars%2Fava_0006-24.png","image_32":"https:\/\/secure.gravatar.com\/avatar\/d932c9be94d3329c04bf42721e39f37b.jpg?s=32&d=https%3A%2F%2Fa.slack-edge.com%2Fdf10d%2Fimg%2Favatars%2Fava_0006-32.png","image_48":"https:\/\/secure.gravatar.com\/avatar\/d932c9be94d3329c04bf42721e39f37b.jpg?s=48&d=https%3A%2F%2Fa.slack-edge.com%2Fdf10d%2Fimg%2Favatars%2Fava_0006-48.png","image_72":"https:\/\/secure.gravatar.com\/avatar\/d932c9be94d3329c04bf42721e39f37b.jpg?s=72&d=https%3A%2F%2Fa.slack-edge.com%2Fdf10d%2Fimg%2Favatars%2Fava_0006-72.png","image_192":"https:\/\/secure.gravatar.com\/avatar\/d932c9be94d3329c04bf42721e39f37b.jpg?s=192&d=https%3A%2F%2Fa.slack-edge.com%2Fdf10d%2Fimg%2Favatars%2Fava_0006-192.png","image_512":"https:\/\/secure.gravatar.com\/avatar\/d932c9be94d3329c04bf42721e39f37b.jpg?s=512&d=https%3A%2F%2Fa.slack-edge.com%2Fdf10d%2Fimg%2Favatars%2Fava_0006-512.png","status_text_canonical":"","team":"TV6151X8D"},"is_admin":false,"is_owner":false,"is_primary_owner":false,"is_restricted":false,"is_ultra_restricted":false,"is_bot":true,"is_app_user":false,"updated":1583877231},{"id":"UV6BN9RTP","team_id":"TV6151X8D","name":"acirizarry","deleted":false,"color":"3c989f","real_name":"Antonia","tz":"America\/Los_Angeles","tz_label":"Pacific
        Daylight Time","tz_offset":-25200,"profile":{"title":"","phone":"","skype":"","real_name":"Antonia","real_name_normalized":"Antonia","display_name":"Antonia","display_name_normalized":"Antonia","status_text":"","status_emoji":"","status_expiration":0,"avatar_hash":"g1d52593258f","image_24":"https:\/\/secure.gravatar.com\/avatar\/1d52593258f3269ce7df6f47eede3926.jpg?s=24&d=https%3A%2F%2Fa.slack-edge.com%2Fdf10d%2Fimg%2Favatars%2Fava_0003-24.png","image_32":"https:\/\/secure.gravatar.com\/avatar\/1d52593258f3269ce7df6f47eede3926.jpg?s=32&d=https%3A%2F%2Fa.slack-edge.com%2Fdf10d%2Fimg%2Favatars%2Fava_0003-32.png","image_48":"https:\/\/secure.gravatar.com\/avatar\/1d52593258f3269ce7df6f47eede3926.jpg?s=48&d=https%3A%2F%2Fa.slack-edge.com%2Fdf10d%2Fimg%2Favatars%2Fava_0003-48.png","image_72":"https:\/\/secure.gravatar.com\/avatar\/1d52593258f3269ce7df6f47eede3926.jpg?s=72&d=https%3A%2F%2Fa.slack-edge.com%2Fdf10d%2Fimg%2Favatars%2Fava_0003-72.png","image_192":"https:\/\/secure.gravatar.com\/avatar\/1d52593258f3269ce7df6f47eede3926.jpg?s=192&d=https%3A%2F%2Fa.slack-edge.com%2Fdf10d%2Fimg%2Favatars%2Fava_0003-192.png","image_512":"https:\/\/secure.gravatar.com\/avatar\/1d52593258f3269ce7df6f47eede3926.jpg?s=512&d=https%3A%2F%2Fa.slack-edge.com%2Fdf10d%2Fimg%2Favatars%2Fava_0003-512.png","status_text_canonical":"","team":"TV6151X8D"},"is_admin":false,"is_owner":false,"is_primary_owner":false,"is_restricted":false,"is_ultra_restricted":false,"is_bot":false,"is_app_user":false,"updated":1583875971},{"id":"UV7EPA5EG","team_id":"TV6151X8D","name":"space_faezeh_slackcli","deleted":true,"profile":{"title":"","phone":"","skype":"","real_name":"space_faezeh_slackcli","real_name_normalized":"space_faezeh_slackcli","display_name":"","display_name_normalized":"","status_text":"","status_emoji":"","status_expiration":0,"avatar_hash":"g0eab32d725c","api_app_id":"AUWCLTSHZ","always_active":false,"bot_id":"BUV4X0PR8","image_24":"https:\/\/secure.gravatar.com\/avatar\/0eab32d725c509ff6898ab50cc2a310c.jpg?s=24&d=https%3A%2F%2Fa.slack-edge.com%2Fdf10d%2Fimg%2Favatars%2Fava_0000-24.png","image_32":"https:\/\/secure.gravatar.com\/avatar\/0eab32d725c509ff6898ab50cc2a310c.jpg?s=32&d=https%3A%2F%2Fa.slack-edge.com%2Fdf10d%2Fimg%2Favatars%2Fava_0000-32.png","image_48":"https:\/\/secure.gravatar.com\/avatar\/0eab32d725c509ff6898ab50cc2a310c.jpg?s=48&d=https%3A%2F%2Fa.slack-edge.com%2Fdf10d%2Fimg%2Favatars%2Fava_0000-48.png","image_72":"https:\/\/secure.gravatar.com\/avatar\/0eab32d725c509ff6898ab50cc2a310c.jpg?s=72&d=https%3A%2F%2Fa.slack-edge.com%2Fdf10d%2Fimg%2Favatars%2Fava_0000-72.png","image_192":"https:\/\/secure.gravatar.com\/avatar\/0eab32d725c509ff6898ab50cc2a310c.jpg?s=192&d=https%3A%2F%2Fa.slack-edge.com%2Fdf10d%2Fimg%2Favatars%2Fava_0000-192.png","image_512":"https:\/\/secure.gravatar.com\/avatar\/0eab32d725c509ff6898ab50cc2a310c.jpg?s=512&d=https%3A%2F%2Fa.slack-edge.com%2Fdf10d%2Fimg%2Favatars%2Fava_0000-512.png","status_text_canonical":"","team":"TV6151X8D"},"is_bot":true,"is_app_user":false,"updated":1583951811},{"id":"UV7S06J4X","team_id":"TV6151X8D","name":"sara.lee.higgins","deleted":false,"color":"9f69e7","real_name":"Lee
        Higgins","tz":"America\/Los_Angeles","tz_label":"Pacific Daylight Time","tz_offset":-25200,"profile":{"title":"","phone":"","skype":"","real_name":"Lee
        Higgins","real_name_normalized":"Lee Higgins","display_name":"Lee","display_name_normalized":"Lee","status_text":"","status_emoji":"","status_expiration":0,"avatar_hash":"6ad837cd90b3","image_original":"https:\/\/avatars.slack-edge.com\/2020-03-10\/992093288453_6ad837cd90b3fbad7f7e_original.jpg","is_custom_image":true,"first_name":"Lee","last_name":"Higgins","image_24":"https:\/\/avatars.slack-edge.com\/2020-03-10\/992093288453_6ad837cd90b3fbad7f7e_24.jpg","image_32":"https:\/\/avatars.slack-edge.com\/2020-03-10\/992093288453_6ad837cd90b3fbad7f7e_32.jpg","image_48":"https:\/\/avatars.slack-edge.com\/2020-03-10\/992093288453_6ad837cd90b3fbad7f7e_48.jpg","image_72":"https:\/\/avatars.slack-edge.com\/2020-03-10\/992093288453_6ad837cd90b3fbad7f7e_72.jpg","image_192":"https:\/\/avatars.slack-edge.com\/2020-03-10\/992093288453_6ad837cd90b3fbad7f7e_192.jpg","image_512":"https:\/\/avatars.slack-edge.com\/2020-03-10\/992093288453_6ad837cd90b3fbad7f7e_512.jpg","image_1024":"https:\/\/avatars.slack-edge.com\/2020-03-10\/992093288453_6ad837cd90b3fbad7f7e_1024.jpg","status_text_canonical":"","team":"TV6151X8D"},"is_admin":true,"is_owner":true,"is_primary_owner":true,"is_restricted":false,"is_ultra_restricted":false,"is_bot":false,"is_app_user":false,"updated":1583910116},{"id":"UV8PPJX37","team_id":"TV6151X8D","name":"hannahtekie","deleted":false,"color":"684b6c","real_name":"Hannah
        Tekie","tz":"America\/Los_Angeles","tz_label":"Pacific Daylight Time","tz_offset":-25200,"profile":{"title":"","phone":"","skype":"","real_name":"Hannah
        Tekie","real_name_normalized":"Hannah Tekie","display_name":"Hannah Tekie","display_name_normalized":"Hannah
        Tekie","status_text":"","status_emoji":"","status_expiration":0,"avatar_hash":"ge5ad3a56a25","image_24":"https:\/\/secure.gravatar.com\/avatar\/e5ad3a56a25238960a331c68e669058c.jpg?s=24&d=https%3A%2F%2Fa.slack-edge.com%2Fdf10d%2Fimg%2Favatars%2Fava_0023-24.png","image_32":"https:\/\/secure.gravatar.com\/avatar\/e5ad3a56a25238960a331c68e669058c.jpg?s=32&d=https%3A%2F%2Fa.slack-edge.com%2Fdf10d%2Fimg%2Favatars%2Fava_0023-32.png","image_48":"https:\/\/secure.gravatar.com\/avatar\/e5ad3a56a25238960a331c68e669058c.jpg?s=48&d=https%3A%2F%2Fa.slack-edge.com%2Fdf10d%2Fimg%2Favatars%2Fava_0023-48.png","image_72":"https:\/\/secure.gravatar.com\/avatar\/e5ad3a56a25238960a331c68e669058c.jpg?s=72&d=https%3A%2F%2Fa.slack-edge.com%2Fdf10d%2Fimg%2Favatars%2Fava_0023-72.png","image_192":"https:\/\/secure.gravatar.com\/avatar\/e5ad3a56a25238960a331c68e669058c.jpg?s=192&d=https%3A%2F%2Fa.slack-edge.com%2Fdf10d%2Fimg%2Favatars%2Fava_0023-192.png","image_512":"https:\/\/secure.gravatar.com\/avatar\/e5ad3a56a25238960a331c68e669058c.jpg?s=512&d=https%3A%2F%2Fa.slack-edge.com%2Fdf10d%2Fimg%2Favatars%2Fava_0023-512.png","status_text_canonical":"","team":"TV6151X8D"},"is_admin":false,"is_owner":false,"is_primary_owner":false,"is_restricted":false,"is_ultra_restricted":false,"is_bot":false,"is_app_user":false,"updated":1583963653,"has_2fa":false},{"id":"UV8Q8T6S1","team_id":"TV6151X8D","name":"time_hannaht_api_proj","deleted":false,"color":"5b89d5","real_name":"time_hannaht_api_proj","tz":"America\/Los_Angeles","tz_label":"Pacific
        Daylight Time","tz_offset":-25200,"profile":{"title":"","phone":"","skype":"","real_name":"time_hannaht_api_proj","real_name_normalized":"time_hannaht_api_proj","display_name":"","display_name_normalized":"","status_text":"","status_emoji":"","status_expiration":0,"avatar_hash":"g68a14a7ef6f","api_app_id":"AUW0C94F4","always_active":false,"bot_id":"BUX9ZENAF","image_24":"https:\/\/secure.gravatar.com\/avatar\/68a14a7ef6f82301ee04ef3d0cdf985d.jpg?s=24&d=https%3A%2F%2Fa.slack-edge.com%2Fdf10d%2Fimg%2Favatars%2Fava_0000-24.png","image_32":"https:\/\/secure.gravatar.com\/avatar\/68a14a7ef6f82301ee04ef3d0cdf985d.jpg?s=32&d=https%3A%2F%2Fa.slack-edge.com%2Fdf10d%2Fimg%2Favatars%2Fava_0000-32.png","image_48":"https:\/\/secure.gravatar.com\/avatar\/68a14a7ef6f82301ee04ef3d0cdf985d.jpg?s=48&d=https%3A%2F%2Fa.slack-edge.com%2Fdf10d%2Fimg%2Favatars%2Fava_0000-48.png","image_72":"https:\/\/secure.gravatar.com\/avatar\/68a14a7ef6f82301ee04ef3d0cdf985d.jpg?s=72&d=https%3A%2F%2Fa.slack-edge.com%2Fdf10d%2Fimg%2Favatars%2Fava_0000-72.png","image_192":"https:\/\/secure.gravatar.com\/avatar\/68a14a7ef6f82301ee04ef3d0cdf985d.jpg?s=192&d=https%3A%2F%2Fa.slack-edge.com%2Fdf10d%2Fimg%2Favatars%2Fava_0000-192.png","image_512":"https:\/\/secure.gravatar.com\/avatar\/68a14a7ef6f82301ee04ef3d0cdf985d.jpg?s=512&d=https%3A%2F%2Fa.slack-edge.com%2Fdf10d%2Fimg%2Favatars%2Fava_0000-512.png","status_text_canonical":"","team":"TV6151X8D"},"is_admin":false,"is_owner":false,"is_primary_owner":false,"is_restricted":false,"is_ultra_restricted":false,"is_bot":true,"is_app_user":false,"updated":1583964279},{"id":"UVDHLDG0N","team_id":"TV6151X8D","name":"space_antonia_slack_a","deleted":false,"color":"2b6836","real_name":"space_antonia_slack_a","tz":"America\/Los_Angeles","tz_label":"Pacific
        Daylight Time","tz_offset":-25200,"profile":{"title":"","phone":"","skype":"","real_name":"space_antonia_slack_a","real_name_normalized":"space_antonia_slack_a","display_name":"","display_name_normalized":"","status_text":"","status_emoji":"","status_expiration":0,"avatar_hash":"g414258b4a47","api_app_id":"AUYFPQ7EW","always_active":false,"bot_id":"BUYHNANBU","image_24":"https:\/\/secure.gravatar.com\/avatar\/414258b4a474678284e84e7501601c08.jpg?s=24&d=https%3A%2F%2Fa.slack-edge.com%2Fdf10d%2Fimg%2Favatars%2Fava_0021-24.png","image_32":"https:\/\/secure.gravatar.com\/avatar\/414258b4a474678284e84e7501601c08.jpg?s=32&d=https%3A%2F%2Fa.slack-edge.com%2Fdf10d%2Fimg%2Favatars%2Fava_0021-32.png","image_48":"https:\/\/secure.gravatar.com\/avatar\/414258b4a474678284e84e7501601c08.jpg?s=48&d=https%3A%2F%2Fa.slack-edge.com%2Fdf10d%2Fimg%2Favatars%2Fava_0021-48.png","image_72":"https:\/\/secure.gravatar.com\/avatar\/414258b4a474678284e84e7501601c08.jpg?s=72&d=https%3A%2F%2Fa.slack-edge.com%2Fdf10d%2Fimg%2Favatars%2Fava_0021-72.png","image_192":"https:\/\/secure.gravatar.com\/avatar\/414258b4a474678284e84e7501601c08.jpg?s=192&d=https%3A%2F%2Fa.slack-edge.com%2Fdf10d%2Fimg%2Favatars%2Fava_0021-192.png","image_512":"https:\/\/secure.gravatar.com\/avatar\/414258b4a474678284e84e7501601c08.jpg?s=512&d=https%3A%2F%2Fa.slack-edge.com%2Fdf10d%2Fimg%2Favatars%2Fava_0021-512.png","status_text_canonical":"","team":"TV6151X8D"},"is_admin":false,"is_owner":false,"is_primary_owner":false,"is_restricted":false,"is_ultra_restricted":false,"is_bot":true,"is_app_user":false,"updated":1584051604},{"id":"U0102NT1RE3","team_id":"TV6151X8D","name":"space_faezeh_slack_ap","deleted":false,"color":"99a949","real_name":"space_faezeh_slack_ap","tz":"America\/Los_Angeles","tz_label":"Pacific
        Daylight Time","tz_offset":-25200,"profile":{"title":"","phone":"","skype":"","real_name":"space_faezeh_slack_ap","real_name_normalized":"space_faezeh_slack_ap","display_name":"","display_name_normalized":"","status_text":"","status_emoji":"","status_expiration":0,"avatar_hash":"g7f1dd89e3fb","api_app_id":"A0102NJN81M","always_active":false,"bot_id":"B0100ST4NG0","image_24":"https:\/\/secure.gravatar.com\/avatar\/7f1dd89e3fb80791ce057c1933c8ab95.jpg?s=24&d=https%3A%2F%2Fa.slack-edge.com%2Fdf10d%2Fimg%2Favatars%2Fava_0025-24.png","image_32":"https:\/\/secure.gravatar.com\/avatar\/7f1dd89e3fb80791ce057c1933c8ab95.jpg?s=32&d=https%3A%2F%2Fa.slack-edge.com%2Fdf10d%2Fimg%2Favatars%2Fava_0025-32.png","image_48":"https:\/\/secure.gravatar.com\/avatar\/7f1dd89e3fb80791ce057c1933c8ab95.jpg?s=48&d=https%3A%2F%2Fa.slack-edge.com%2Fdf10d%2Fimg%2Favatars%2Fava_0025-48.png","image_72":"https:\/\/secure.gravatar.com\/avatar\/7f1dd89e3fb80791ce057c1933c8ab95.jpg?s=72&d=https%3A%2F%2Fa.slack-edge.com%2Fdf10d%2Fimg%2Favatars%2Fava_0025-72.png","image_192":"https:\/\/secure.gravatar.com\/avatar\/7f1dd89e3fb80791ce057c1933c8ab95.jpg?s=192&d=https%3A%2F%2Fa.slack-edge.com%2Fdf10d%2Fimg%2Favatars%2Fava_0025-192.png","image_512":"https:\/\/secure.gravatar.com\/avatar\/7f1dd89e3fb80791ce057c1933c8ab95.jpg?s=512&d=https%3A%2F%2Fa.slack-edge.com%2Fdf10d%2Fimg%2Favatars%2Fava_0025-512.png","status_text_canonical":"","team":"TV6151X8D"},"is_admin":false,"is_owner":false,"is_primary_owner":false,"is_restricted":false,"is_ultra_restricted":false,"is_bot":true,"is_app_user":false,"updated":1584243618}],"cache_ts":1585268292,"response_metadata":{"next_cursor":""}}'
    http_version: null
  recorded_at: Fri, 27 Mar 2020 00:18:12 GMT
- request:
    method: get
    uri: https://slack.com/api/channels.list?token=<SLACK_TOKEN>
    body:
      encoding: US-ASCII
      string: ''
    headers:
      Accept-Encoding:
      - gzip;q=1.0,deflate;q=0.6,identity;q=0.3
      Accept:
      - "*/*"
      User-Agent:
      - Ruby
  response:
    status:
      code: 200
      message: OK
    headers:
      Content-Type:
      - application/json; charset=utf-8
      Content-Length:
      - '800'
      Connection:
      - keep-alive
      Date:
      - Fri, 27 Mar 2020 00:18:12 GMT
      Server:
      - Apache
      X-Slack-Req-Id:
      - 6b3fe9058eda833f2b899520f9a654e0
      X-Oauth-Scopes:
      - identify,channels:read,users:read,chat:write
      X-Accepted-Oauth-Scopes:
      - channels:read
      Access-Control-Expose-Headers:
      - x-slack-req-id, retry-after
      X-Slack-Backend:
      - h
      X-Content-Type-Options:
      - nosniff
      Expires:
      - Mon, 26 Jul 1997 05:00:00 GMT
      Cache-Control:
      - private, no-cache, no-store, must-revalidate
      X-Xss-Protection:
      - '0'
      Vary:
      - Accept-Encoding
      Pragma:
      - no-cache
      Access-Control-Allow-Headers:
      - slack-route, x-slack-version-ts, x-b3-traceid, x-b3-spanid, x-b3-parentspanid,
        x-b3-sampled, x-b3-flags
      Strict-Transport-Security:
      - max-age=31536000; includeSubDomains; preload
      Referrer-Policy:
      - no-referrer
      Access-Control-Allow-Origin:
      - "*"
      X-Via:
      - haproxy-www-nzry
      X-Cache:
      - Miss from cloudfront
      Via:
      - 1.1 31b4da0406d8b733add8a3131335a500.cloudfront.net (CloudFront)
      X-Amz-Cf-Pop:
      - EWR52-C2
      X-Amz-Cf-Id:
      - r0PbyP-e--SrlfIRhetp67OJjfLAnTKf5hLP-t1vUIYS1WAKD1jGnw==
    body:
      encoding: ASCII-8BIT
      string: '{"ok":true,"channels":[{"id":"CUT6YR3LJ","name":"lees-test-channel","is_channel":true,"created":1583865761,"is_archived":false,"is_general":false,"unlinked":0,"creator":"UV7S06J4X","name_normalized":"lees-test-channel","is_shared":false,"is_org_shared":false,"is_member":false,"is_private":false,"is_mpim":false,"members":["UUTG4NT6W","UV7S06J4X"],"topic":{"value":"For
        having fun with the Slack API!!","creator":"UV7S06J4X","last_set":1584080167},"purpose":{"value":"","creator":"","last_set":0},"previous_names":[],"num_members":2},{"id":"CV60LA20G","name":"general","is_channel":true,"created":1583865651,"is_archived":false,"is_general":true,"unlinked":0,"creator":"UV7S06J4X","name_normalized":"general","is_shared":false,"is_org_shared":false,"is_member":true,"is_private":false,"is_mpim":false,"members":["UUVTM0ZJM","UV8PPJX37","UV7S06J4X","UV6BN9RTP","UUV26URFC"],"topic":{"value":"Company-wide
        announcements and work-based matters","creator":"UV7S06J4X","last_set":1583865651},"purpose":{"value":"This
        channel is for workspace-wide communication and announcements. All members
        are in this channel.","creator":"UV7S06J4X","last_set":1583865651},"previous_names":[],"num_members":5},{"id":"CV86T0TPY","name":"random","is_channel":true,"created":1583865651,"is_archived":false,"is_general":false,"unlinked":0,"creator":"UV7S06J4X","name_normalized":"random","is_shared":false,"is_org_shared":false,"is_member":true,"is_private":false,"is_mpim":false,"members":["UUVTM0ZJM","UV8PPJX37","UV7S06J4X","UV6BN9RTP","UUV26URFC"],"topic":{"value":"Non-work
        banter and water cooler conversation","creator":"UV7S06J4X","last_set":1583865651},"purpose":{"value":"A
        place for non-work-related flimflam, faffing, hodge-podge or jibber-jabber
        you''d prefer to keep out of more focused work-related channels.","creator":"UV7S06J4X","last_set":1583865651},"previous_names":[],"num_members":5},{"id":"CV8HLGW9L","name":"hannah-j-test","is_channel":true,"created":1583876330,"is_archived":false,"is_general":false,"unlinked":0,"creator":"UUVTM0ZJM","name_normalized":"hannah-j-test","is_shared":false,"is_org_shared":false,"is_member":false,"is_private":false,"is_mpim":false,"members":["UUVTM0ZJM","UV6BLS99N"],"topic":{"value":"","creator":"","last_set":0},"purpose":{"value":"Let''s
        learn about Korean culture","creator":"UUVTM0ZJM","last_set":1584048625},"previous_names":[],"num_members":2},{"id":"CV8PR7M4M","name":"hannahmary","is_channel":true,"created":1583963710,"is_archived":false,"is_general":false,"unlinked":0,"creator":"UV8PPJX37","name_normalized":"hannahmary","is_shared":false,"is_org_shared":false,"is_member":true,"is_private":false,"is_mpim":false,"members":["UUVTM0ZJM","UV8PPJX37","UV7S06J4X","UV6BN9RTP","UUV26URFC"],"topic":{"value":"","creator":"","last_set":0},"purpose":{"value":"","creator":"","last_set":0},"previous_names":[],"num_members":5},{"id":"CVB8WV8BS","name":"fun","is_channel":true,"created":1584048695,"is_archived":false,"is_general":false,"unlinked":0,"creator":"UUVTM0ZJM","name_normalized":"fun","is_shared":false,"is_org_shared":false,"is_member":true,"is_private":false,"is_mpim":false,"members":["UUVTM0ZJM","UV8PPJX37","UV7S06J4X","UV6BN9RTP","UUV26URFC"],"topic":{"value":"","creator":"","last_set":0},"purpose":{"value":"","creator":"","last_set":0},"previous_names":[],"num_members":5}],"response_metadata":{"next_cursor":""}}'
    http_version: null
  recorded_at: Fri, 27 Mar 2020 00:18:12 GMT
- request:
    method: post
    uri: https://slack.com/api/chat.postMessage
    body:
      encoding: UTF-8
      string: token=<SLACK_TOKEN>&text=hello%20can%20you%20chat%3F&channel=0317
    headers:
      Content-Type:
      - application/x-www-form-urlencoded
      Accept-Encoding:
      - gzip;q=1.0,deflate;q=0.6,identity;q=0.3
      Accept:
      - "*/*"
      User-Agent:
      - Ruby
  response:
    status:
      code: 200
      message: OK
    headers:
      Content-Type:
      - application/json; charset=utf-8
      Content-Length:
      - '60'
      Connection:
      - keep-alive
      Date:
      - Fri, 27 Mar 2020 00:18:13 GMT
      Server:
      - Apache
      X-Slack-Req-Id:
      - f9dc7945e271d817fec812914e1f33a7
      X-Oauth-Scopes:
      - identify,channels:read,users:read,chat:write
      X-Accepted-Oauth-Scopes:
      - chat:write
      Access-Control-Expose-Headers:
      - x-slack-req-id, retry-after
      X-Slack-Backend:
      - r
      X-Content-Type-Options:
      - nosniff
      Expires:
      - Mon, 26 Jul 1997 05:00:00 GMT
      Cache-Control:
      - private, no-cache, no-store, must-revalidate
      X-Xss-Protection:
      - '0'
      Vary:
      - Accept-Encoding
      Pragma:
      - no-cache
      Access-Control-Allow-Headers:
      - slack-route, x-slack-version-ts, x-b3-traceid, x-b3-spanid, x-b3-parentspanid,
        x-b3-sampled, x-b3-flags
      Strict-Transport-Security:
      - max-age=31536000; includeSubDomains; preload
      Referrer-Policy:
      - no-referrer
      Access-Control-Allow-Origin:
      - "*"
      X-Via:
      - haproxy-www-9sim
      X-Cache:
      - Miss from cloudfront
      Via:
      - 1.1 71f2fed44216f4391ecbb693ee450dcf.cloudfront.net (CloudFront)
      X-Amz-Cf-Pop:
      - EWR52-C2
      X-Amz-Cf-Id:
      - J80P6HxjRGC-Eiv5z2n4QOnqEdQzfVClyAtc44y_ML6eQDfzJW6-sw==
    body:
      encoding: ASCII-8BIT
      string: '{"ok":false,"error":"channel_not_found"}'
    http_version: null
  recorded_at: Fri, 27 Mar 2020 00:18:13 GMT
- request:
    method: post
    uri: https://slack.com/api/chat.postMessage
    body:
      encoding: UTF-8
      string: token=<SLACK_TOKEN>&text=hello%20can%20you%20chat%3F&channel=USLACKBOT
    headers:
      Content-Type:
      - application/x-www-form-urlencoded
      Accept-Encoding:
      - gzip;q=1.0,deflate;q=0.6,identity;q=0.3
      Accept:
      - "*/*"
      User-Agent:
      - Ruby
  response:
    status:
      code: 200
      message: OK
    headers:
      Content-Type:
      - application/json; charset=utf-8
      Content-Length:
      - '339'
      Connection:
      - keep-alive
      Date:
      - Fri, 27 Mar 2020 00:21:45 GMT
      Server:
      - Apache
      X-Slack-Req-Id:
      - 671617675f1159b042ccda84f8498647
      X-Oauth-Scopes:
      - identify,channels:read,users:read,chat:write
      X-Accepted-Oauth-Scopes:
      - chat:write
      Access-Control-Expose-Headers:
      - x-slack-req-id, retry-after
      X-Slack-Backend:
      - h
      X-Content-Type-Options:
      - nosniff
      Expires:
      - Mon, 26 Jul 1997 05:00:00 GMT
      Cache-Control:
      - private, no-cache, no-store, must-revalidate
      X-Xss-Protection:
      - '0'
      Vary:
      - Accept-Encoding
      Pragma:
      - no-cache
      Access-Control-Allow-Headers:
      - slack-route, x-slack-version-ts, x-b3-traceid, x-b3-spanid, x-b3-parentspanid,
        x-b3-sampled, x-b3-flags
      Strict-Transport-Security:
      - max-age=31536000; includeSubDomains; preload
      Referrer-Policy:
      - no-referrer
      Access-Control-Allow-Origin:
      - "*"
      X-Via:
      - haproxy-www-hynk
      X-Cache:
      - Miss from cloudfront
      Via:
      - 1.1 71bfaca5ce51bb05b39690ef2b0a4af3.cloudfront.net (CloudFront)
      X-Amz-Cf-Pop:
      - EWR52-C3
      X-Amz-Cf-Id:
      - qeZ7JHYBQv0Yv51g4qiYDN--6iWBdvJhJVfVebnbhVuF0mY1-mDhtA==
    body:
      encoding: ASCII-8BIT
      string: '{"ok":true,"channel":"DV8PPKEF7","ts":"1585268505.000100","message":{"bot_id":"BV8RBKC77","type":"message","text":"hello
        can you chat?","user":"UV8PPJX37","ts":"1585268505.000100","team":"TV6151X8D","bot_profile":{"id":"BV8RBKC77","deleted":false,"name":"Time
        - HannahT - API Project","updated":1583965678,"app_id":"AUW0C94F4","icons":{"image_36":"https:\/\/a.slack-edge.com\/80588\/img\/plugins\/app\/bot_36.png","image_48":"https:\/\/a.slack-edge.com\/80588\/img\/plugins\/app\/bot_48.png","image_72":"https:\/\/a.slack-edge.com\/80588\/img\/plugins\/app\/service_72.png"},"team_id":"TV6151X8D"}}}'
    http_version: null
  recorded_at: Fri, 27 Mar 2020 00:21:45 GMT
- request:
    method: post
    uri: https://slack.com/api/chat.postMessage
    body:
      encoding: UTF-8
      string: token=<SLACK_TOKEN>&text=what%20is%20your%20channe_id&channel=CV8PR7M4M
    headers:
      Content-Type:
      - application/x-www-form-urlencoded
      Accept-Encoding:
      - gzip;q=1.0,deflate;q=0.6,identity;q=0.3
      Accept:
      - "*/*"
      User-Agent:
      - Ruby
  response:
    status:
      code: 200
      message: OK
    headers:
      Content-Type:
      - application/json; charset=utf-8
      Content-Length:
      - '341'
      Connection:
      - keep-alive
      Date:
      - Fri, 27 Mar 2020 00:32:56 GMT
      Server:
      - Apache
      X-Slack-Req-Id:
      - e6ba18e19fc34664d5abd5a5047aa7c6
      X-Oauth-Scopes:
      - identify,channels:read,users:read,chat:write
      X-Accepted-Oauth-Scopes:
      - chat:write
      Access-Control-Expose-Headers:
      - x-slack-req-id, retry-after
      X-Slack-Backend:
      - h
      X-Content-Type-Options:
      - nosniff
      Expires:
      - Mon, 26 Jul 1997 05:00:00 GMT
      Cache-Control:
      - private, no-cache, no-store, must-revalidate
      X-Xss-Protection:
      - '0'
      Vary:
      - Accept-Encoding
      Pragma:
      - no-cache
      Access-Control-Allow-Headers:
      - slack-route, x-slack-version-ts, x-b3-traceid, x-b3-spanid, x-b3-parentspanid,
        x-b3-sampled, x-b3-flags
      Strict-Transport-Security:
      - max-age=31536000; includeSubDomains; preload
      Referrer-Policy:
      - no-referrer
      Access-Control-Allow-Origin:
      - "*"
      X-Via:
      - haproxy-www-45sp
      X-Cache:
      - Miss from cloudfront
      Via:
      - 1.1 f5fe6019ac40ba5d972b92a46b3c0f23.cloudfront.net (CloudFront)
      X-Amz-Cf-Pop:
      - EWR52-C3
      X-Amz-Cf-Id:
      - jbbAq1UnJoMBLU3pnCn11wxZxRgeJEEon1GEaSURDHcPGwEiqB7ryA==
    body:
      encoding: ASCII-8BIT
      string: '{"ok":true,"channel":"CV8PR7M4M","ts":"1585269176.000100","message":{"bot_id":"BV8RBKC77","type":"message","text":"what
        is your channe_id","user":"UV8PPJX37","ts":"1585269176.000100","team":"TV6151X8D","bot_profile":{"id":"BV8RBKC77","deleted":false,"name":"Time
        - HannahT - API Project","updated":1583965678,"app_id":"AUW0C94F4","icons":{"image_36":"https:\/\/a.slack-edge.com\/80588\/img\/plugins\/app\/bot_36.png","image_48":"https:\/\/a.slack-edge.com\/80588\/img\/plugins\/app\/bot_48.png","image_72":"https:\/\/a.slack-edge.com\/80588\/img\/plugins\/app\/service_72.png"},"team_id":"TV6151X8D"}}}'
    http_version: null
  recorded_at: Fri, 27 Mar 2020 00:32:56 GMT
- request:
    method: post
    uri: https://slack.com/api/chat.postMessage
    body:
      encoding: UTF-8
      string: token=<SLACK_TOKEN>&text=what%20is%20for%20lunch%3F&channel=USLACKBOT
    headers:
      Content-Type:
      - application/x-www-form-urlencoded
      Accept-Encoding:
      - gzip;q=1.0,deflate;q=0.6,identity;q=0.3
      Accept:
      - "*/*"
      User-Agent:
      - Ruby
  response:
    status:
      code: 200
      message: OK
    headers:
      Content-Type:
      - application/json; charset=utf-8
      Content-Length:
      - '340'
      Connection:
      - keep-alive
      Date:
      - Fri, 27 Mar 2020 00:49:39 GMT
      Server:
      - Apache
      X-Slack-Req-Id:
      - 535d15afec7c3e8d79fe7f83995a553d
      X-Oauth-Scopes:
      - identify,channels:read,users:read,chat:write
      X-Accepted-Oauth-Scopes:
      - chat:write
      Access-Control-Expose-Headers:
      - x-slack-req-id, retry-after
      X-Slack-Backend:
      - h
      X-Content-Type-Options:
      - nosniff
      Expires:
      - Mon, 26 Jul 1997 05:00:00 GMT
      Cache-Control:
      - private, no-cache, no-store, must-revalidate
      X-Xss-Protection:
      - '0'
      Vary:
      - Accept-Encoding
      Pragma:
      - no-cache
      Access-Control-Allow-Headers:
      - slack-route, x-slack-version-ts, x-b3-traceid, x-b3-spanid, x-b3-parentspanid,
        x-b3-sampled, x-b3-flags
      Strict-Transport-Security:
      - max-age=31536000; includeSubDomains; preload
      Referrer-Policy:
      - no-referrer
      Access-Control-Allow-Origin:
      - "*"
      X-Via:
      - haproxy-www-fmpy
      X-Cache:
      - Miss from cloudfront
      Via:
      - 1.1 75e33350c9c4e8f80789197bf361fe13.cloudfront.net (CloudFront)
      X-Amz-Cf-Pop:
      - EWR52-C3
      X-Amz-Cf-Id:
      - 9phviuFzkhMDkKkPwcoRxBsJ1y8uG-t8pTtp95R7aQ07Okjdo57dFQ==
    body:
      encoding: ASCII-8BIT
      string: '{"ok":true,"channel":"DV8PPKEF7","ts":"1585270179.000100","message":{"bot_id":"BV8RBKC77","type":"message","text":"what
        is for lunch?","user":"UV8PPJX37","ts":"1585270179.000100","team":"TV6151X8D","bot_profile":{"id":"BV8RBKC77","deleted":false,"name":"Time
        - HannahT - API Project","updated":1583965678,"app_id":"AUW0C94F4","icons":{"image_36":"https:\/\/a.slack-edge.com\/80588\/img\/plugins\/app\/bot_36.png","image_48":"https:\/\/a.slack-edge.com\/80588\/img\/plugins\/app\/bot_48.png","image_72":"https:\/\/a.slack-edge.com\/80588\/img\/plugins\/app\/service_72.png"},"team_id":"TV6151X8D"}}}'
    http_version: null
  recorded_at: Fri, 27 Mar 2020 00:49:39 GMT
- request:
    method: post
    uri: https://slack.com/api/chat.postMessage
    body:
      encoding: UTF-8
      string: token=<SLACK_TOKEN>&text=what%20is%20for%20lunch%3F&channel=CV8PR7M4M
    headers:
      Content-Type:
      - application/x-www-form-urlencoded
      Accept-Encoding:
      - gzip;q=1.0,deflate;q=0.6,identity;q=0.3
      Accept:
      - "*/*"
      User-Agent:
      - Ruby
  response:
    status:
      code: 200
      message: OK
    headers:
      Content-Type:
      - application/json; charset=utf-8
      Content-Length:
      - '342'
      Connection:
      - keep-alive
      Date:
      - Fri, 27 Mar 2020 00:49:39 GMT
      Server:
      - Apache
      X-Slack-Req-Id:
      - 1ede551ce1a92020b8dc9658aa1af65b
      X-Oauth-Scopes:
      - identify,channels:read,users:read,chat:write
      X-Accepted-Oauth-Scopes:
      - chat:write
      Access-Control-Expose-Headers:
      - x-slack-req-id, retry-after
      X-Slack-Backend:
      - h
      X-Content-Type-Options:
      - nosniff
      Expires:
      - Mon, 26 Jul 1997 05:00:00 GMT
      Cache-Control:
      - private, no-cache, no-store, must-revalidate
      X-Xss-Protection:
      - '0'
      Vary:
      - Accept-Encoding
      Pragma:
      - no-cache
      Access-Control-Allow-Headers:
      - slack-route, x-slack-version-ts, x-b3-traceid, x-b3-spanid, x-b3-parentspanid,
        x-b3-sampled, x-b3-flags
      Strict-Transport-Security:
      - max-age=31536000; includeSubDomains; preload
      Referrer-Policy:
      - no-referrer
      Access-Control-Allow-Origin:
      - "*"
      X-Via:
      - haproxy-www-8qye
      X-Cache:
      - Miss from cloudfront
      Via:
      - 1.1 fd5bb5b63be18c34495bdbea44226476.cloudfront.net (CloudFront)
      X-Amz-Cf-Pop:
      - EWR52-C3
      X-Amz-Cf-Id:
      - U7AfApAI4M2vCYYyFuehsuMvyxpCEeB7SegL1QxjlkPbuZeFIc5vYg==
    body:
      encoding: ASCII-8BIT
      string: '{"ok":true,"channel":"CV8PR7M4M","ts":"1585270179.000200","message":{"bot_id":"BV8RBKC77","type":"message","text":"what
        is for lunch?","user":"UV8PPJX37","ts":"1585270179.000200","team":"TV6151X8D","bot_profile":{"id":"BV8RBKC77","deleted":false,"name":"Time
        - HannahT - API Project","updated":1583965678,"app_id":"AUW0C94F4","icons":{"image_36":"https:\/\/a.slack-edge.com\/80588\/img\/plugins\/app\/bot_36.png","image_48":"https:\/\/a.slack-edge.com\/80588\/img\/plugins\/app\/bot_48.png","image_72":"https:\/\/a.slack-edge.com\/80588\/img\/plugins\/app\/service_72.png"},"team_id":"TV6151X8D"}}}'
    http_version: null
  recorded_at: Fri, 27 Mar 2020 00:49:40 GMT
- request:
    method: post
    uri: https://slack.com/api/chat.postMessage
    body:
      encoding: UTF-8
      string: token=<SLACK_TOKEN>&text=do%20you%20need%20help%20with%20your%20project%3F&channel=CV8PR7M4M
    headers:
      Content-Type:
      - application/x-www-form-urlencoded
      Accept-Encoding:
      - gzip;q=1.0,deflate;q=0.6,identity;q=0.3
      Accept:
      - "*/*"
      User-Agent:
      - Ruby
  response:
    status:
      code: 200
      message: OK
    headers:
      Content-Type:
      - application/json; charset=utf-8
      Content-Length:
      - '351'
      Connection:
      - keep-alive
      Date:
      - Fri, 27 Mar 2020 00:59:15 GMT
      Server:
      - Apache
      X-Slack-Req-Id:
      - ee7cf7a6019f60062d3aa0c292f8f6a9
      X-Oauth-Scopes:
      - identify,channels:read,users:read,chat:write
      X-Accepted-Oauth-Scopes:
      - chat:write
      Access-Control-Expose-Headers:
      - x-slack-req-id, retry-after
      X-Slack-Backend:
      - h
      X-Content-Type-Options:
      - nosniff
      Expires:
      - Mon, 26 Jul 1997 05:00:00 GMT
      Cache-Control:
      - private, no-cache, no-store, must-revalidate
      X-Xss-Protection:
      - '0'
      Vary:
      - Accept-Encoding
      Pragma:
      - no-cache
      Access-Control-Allow-Headers:
      - slack-route, x-slack-version-ts, x-b3-traceid, x-b3-spanid, x-b3-parentspanid,
        x-b3-sampled, x-b3-flags
      Strict-Transport-Security:
      - max-age=31536000; includeSubDomains; preload
      Referrer-Policy:
      - no-referrer
      Access-Control-Allow-Origin:
      - "*"
      X-Via:
      - haproxy-www-i7xu
      X-Cache:
      - Miss from cloudfront
      Via:
      - 1.1 44c3684463dfb1f60dc276fec7fe9d93.cloudfront.net (CloudFront)
      X-Amz-Cf-Pop:
      - EWR52-C4
      X-Amz-Cf-Id:
      - jHTSEd3y_wAPkulUTAXwTVPqf_Pt_70k5ACfnupDtAk59NxjG8x1Mg==
    body:
      encoding: ASCII-8BIT
      string: '{"ok":true,"channel":"CV8PR7M4M","ts":"1585270755.000300","message":{"bot_id":"BV8RBKC77","type":"message","text":"do
        you need help with your project?","user":"UV8PPJX37","ts":"1585270755.000300","team":"TV6151X8D","bot_profile":{"id":"BV8RBKC77","deleted":false,"name":"Time
        - HannahT - API Project","updated":1583965678,"app_id":"AUW0C94F4","icons":{"image_36":"https:\/\/a.slack-edge.com\/80588\/img\/plugins\/app\/bot_36.png","image_48":"https:\/\/a.slack-edge.com\/80588\/img\/plugins\/app\/bot_48.png","image_72":"https:\/\/a.slack-edge.com\/80588\/img\/plugins\/app\/service_72.png"},"team_id":"TV6151X8D"}}}'
    http_version: null
  recorded_at: Fri, 27 Mar 2020 00:59:15 GMT
- request:
    method: post
    uri: https://slack.com/api/chat.postMessage
    body:
      encoding: UTF-8
      string: token=<SLACK_TOKEN>&text=hello%20can%20you%20chat%3F&channel=111111
    headers:
      Content-Type:
      - application/x-www-form-urlencoded
      Accept-Encoding:
      - gzip;q=1.0,deflate;q=0.6,identity;q=0.3
      Accept:
      - "*/*"
      User-Agent:
      - Ruby
  response:
    status:
      code: 200
      message: OK
    headers:
      Content-Type:
      - application/json; charset=utf-8
      Content-Length:
      - '60'
      Connection:
      - keep-alive
      Date:
      - Fri, 27 Mar 2020 01:56:31 GMT
      Server:
      - Apache
      X-Slack-Req-Id:
      - bbc9b40de95966282983f6ed19f816b3
      X-Oauth-Scopes:
      - identify,channels:read,users:read,chat:write
      X-Accepted-Oauth-Scopes:
      - chat:write
      Access-Control-Expose-Headers:
      - x-slack-req-id, retry-after
      X-Slack-Backend:
      - h
      X-Content-Type-Options:
      - nosniff
      Expires:
      - Mon, 26 Jul 1997 05:00:00 GMT
      Cache-Control:
      - private, no-cache, no-store, must-revalidate
      X-Xss-Protection:
      - '0'
      Vary:
      - Accept-Encoding
      Pragma:
      - no-cache
      Access-Control-Allow-Headers:
      - slack-route, x-slack-version-ts, x-b3-traceid, x-b3-spanid, x-b3-parentspanid,
        x-b3-sampled, x-b3-flags
      Strict-Transport-Security:
      - max-age=31536000; includeSubDomains; preload
      Referrer-Policy:
      - no-referrer
      Access-Control-Allow-Origin:
      - "*"
      X-Via:
      - haproxy-www-jb3t
      X-Cache:
      - Miss from cloudfront
      Via:
      - 1.1 c62f6c9a9fdf2356a904a1b156a05fe1.cloudfront.net (CloudFront)
      X-Amz-Cf-Pop:
      - EWR52-C1
      X-Amz-Cf-Id:
      - S91G3KCHcXUfdakt_GwFUouBGU7HsPCYpR_R7Q_VLKPFuLMkSvbK9g==
    body:
      encoding: ASCII-8BIT
      string: '{"ok":false,"error":"channel_not_found"}'
    http_version: null
  recorded_at: Fri, 27 Mar 2020 01:56:31 GMT
recorded_with: VCR 5.1.0
